// Jest Snapshot v1, https://goo.gl/fbAQLP

exports[`<ValidationSummary /> render props render prop should be called with the basic summary render if the form is invalid 1`] = `
<div
  className="validation-summary"
  id="unitSummary"
>
  <h4
    className="alert-heading"
  >
    Errors
  </h4>
  <ul>
    <li
      key="unitField"
    >
      <a
        href="#unitField"
        onClick={[Function]}
      >
        Unit field
        :
         
        <span
          key="unitField_test"
        >
          test
        </span>
      </a>
    </li>
  </ul>
</div>
`;

exports[`<ValidationSummary /> should render without crashing 1`] = `""`;
