// Jest Snapshot v1, https://goo.gl/fbAQLP

exports[`withValidation should render without error 1`] = `
<TestComponent
  fullName="mock-item"
  validation={
    Object {
      "error": null,
      "isRequired": false,
      "isValidating": false,
      "reset": [MockFunction],
      "update": [MockFunction],
      "valid": true,
      "validate": [MockFunction],
    }
  }
/>
`;
