// Jest Snapshot v1, https://goo.gl/fbAQLP

exports[`<FieldGroup /> should render without error 1`] = `
ShallowWrapper {
  "length": 1,
  Symbol(enzyme.__root__): [Circular],
  Symbol(enzyme.__unrendered__): <FieldGroup
    asyncValidateOnChange={null}
    context={
      Object {
        "asyncValidateOnChange": false,
        "asyncValidationWait": 400,
        "busy": false,
        "defaultValues": Object {},
        "disabled": false,
        "fieldPrefix": null,
        "getFieldState": [MockFunction],
        "getValues": [MockFunction],
        "notifyFieldEvent": [MockFunction],
        "registerField": [MockFunction] {
          "calls": Array [
            Array [
              "unitGroup",
              Object {
                "getValue": [Function],
                "isGroup": true,
                "label": "Unit group",
                "reset": [Function],
                "updateValidation": [MockFunction],
                "validate": [Function],
              },
            ],
          ],
          "results": Array [
            Object {
              "isThrow": false,
              "value": undefined,
            },
          ],
        },
        "registerListener": [MockFunction],
        "stringFormatter": [MockFunction],
        "unregisterField": [MockFunction],
        "unregisterListener": [MockFunction],
      }
    }
    fullName="unitGroup"
    label="Unit group"
    name="unitGroup"
    render={
      [MockFunction] {
        "calls": Array [
          Array [
            Object {
              "error": null,
              "fullName": "unitGroup",
              "isValidating": false,
              "valid": true,
            },
          ],
        ],
        "results": Array [
          Object {
            "isThrow": false,
            "value": null,
          },
        ],
      }
    }
    validation={
      Object {
        "error": null,
        "isValidating": false,
        "reset": [MockFunction],
        "update": [MockFunction],
        "valid": true,
        "validate": [MockFunction],
      }
    }
  />,
  Symbol(enzyme.__renderer__): Object {
    "batchedUpdates": [Function],
    "getNode": [Function],
    "render": [Function],
    "simulateEvent": [Function],
    "unmount": [Function],
  },
  Symbol(enzyme.__node__): Object {
    "instance": null,
    "key": undefined,
    "nodeType": "function",
    "props": Object {
      "children": null,
      "value": Object {
        "asyncValidateOnChange": false,
        "asyncValidationWait": 400,
        "busy": false,
        "defaultValues": Object {},
        "disabled": false,
        "fieldPrefix": "unitGroup",
        "getFieldState": [MockFunction],
        "getValues": [MockFunction],
        "notifyFieldEvent": [Function],
        "registerField": [MockFunction] {
          "calls": Array [
            Array [
              "unitGroup",
              Object {
                "getValue": [Function],
                "isGroup": true,
                "label": "Unit group",
                "reset": [Function],
                "updateValidation": [MockFunction],
                "validate": [Function],
              },
            ],
          ],
          "results": Array [
            Object {
              "isThrow": false,
              "value": undefined,
            },
          ],
        },
        "registerListener": [MockFunction],
        "stringFormatter": [MockFunction],
        "unregisterField": [MockFunction],
        "unregisterListener": [MockFunction],
      },
    },
    "ref": null,
    "rendered": null,
    "type": Object {
      "$$typeof": Symbol(react.provider),
      "_context": Object {
        "$$typeof": Symbol(react.context),
        "Consumer": [Circular],
        "Provider": [Circular],
        "_calculateChangedBits": null,
        "_changedBits": 0,
        "_changedBits2": 0,
        "_currentRenderer": null,
        "_currentRenderer2": null,
        "_currentValue": "form",
        "_currentValue2": "form",
        "_defaultValue": "form",
      },
    },
  },
  Symbol(enzyme.__nodes__): Array [
    Object {
      "instance": null,
      "key": undefined,
      "nodeType": "function",
      "props": Object {
        "children": null,
        "value": Object {
          "asyncValidateOnChange": false,
          "asyncValidationWait": 400,
          "busy": false,
          "defaultValues": Object {},
          "disabled": false,
          "fieldPrefix": "unitGroup",
          "getFieldState": [MockFunction],
          "getValues": [MockFunction],
          "notifyFieldEvent": [Function],
          "registerField": [MockFunction] {
            "calls": Array [
              Array [
                "unitGroup",
                Object {
                  "getValue": [Function],
                  "isGroup": true,
                  "label": "Unit group",
                  "reset": [Function],
                  "updateValidation": [MockFunction],
                  "validate": [Function],
                },
              ],
            ],
            "results": Array [
              Object {
                "isThrow": false,
                "value": undefined,
              },
            ],
          },
          "registerListener": [MockFunction],
          "stringFormatter": [MockFunction],
          "unregisterField": [MockFunction],
          "unregisterListener": [MockFunction],
        },
      },
      "ref": null,
      "rendered": null,
      "type": Object {
        "$$typeof": Symbol(react.provider),
        "_context": Object {
          "$$typeof": Symbol(react.context),
          "Consumer": [Circular],
          "Provider": [Circular],
          "_calculateChangedBits": null,
          "_changedBits": 0,
          "_changedBits2": 0,
          "_currentRenderer": null,
          "_currentRenderer2": null,
          "_currentValue": "form",
          "_currentValue2": "form",
          "_defaultValue": "form",
        },
      },
    },
  ],
  Symbol(enzyme.__options__): Object {
    "adapter": ReactSixteenAdapter {
      "options": Object {
        "enableComponentDidUpdateOnSetState": true,
      },
    },
  },
}
`;
