// Jest Snapshot v1, https://goo.gl/fbAQLP

exports[`<FieldGroup /> Render should render without crashing 1`] = `
<ContextProvider
  value={
    Object {
      "asyncValidateOnChange": false,
      "asyncValidationWait": 400,
      "busy": false,
      "defaultValues": Object {},
      "disabled": false,
      "fieldPrefix": "unitGroup",
      "getFieldState": [MockFunction],
      "getValues": [MockFunction],
      "notifyFieldEvent": [Function],
      "plaintext": false,
      "registerField": [MockFunction] {
        "calls": Array [
          Array [
            "unitGroup",
            Object {
              "getValue": [Function],
              "isGroup": true,
              "label": "Unit group",
              "reset": [Function],
              "updateValidation": [MockFunction],
              "validate": [Function],
            },
          ],
        ],
        "results": Array [
          Object {
            "type": "return",
            "value": undefined,
          },
        ],
      },
      "registerListener": [MockFunction],
      "reset": [MockFunction],
      "stringFormatter": [MockFunction],
      "submit": [MockFunction],
      "unregisterField": [MockFunction],
      "unregisterListener": [MockFunction],
      "values": undefined,
    }
  }
/>
`;
